[36mvite v5.4.1 [32mbuilding for production...[36m[39m
transforming...
[32mÔ£ô[39m 2160 modules transformed.
npx : [31mx[39m 
Build failed in 2.67s
En línea: 1 Carácter: 
1
+ npx vite build > 
build_output.txt 
2>&1; Get-Content 
build_output.txt
+ ~~~~~~~~~~~~~~~~~~~~
~~~~~~~~~~~~~~~~~~
    + CategoryInfo    
          : NotSpeci  
  fied: ([31mx[39   
 m Build failed in    
 2.67s:String) []    
, RemoteException
    + FullyQualifiedE 
   rrorId : NativeCo  
  mmandError
 
[31merror during 
build:
[31mEPERM: operation 
not permitted, lstat '
D:\Nico\Olmoind\dist\v
ite.svg'[31m
    at lstatSync 
(node:fs:1643:25)
    at rimrafSync (nod
e:internal/fs/rimraf:1
80:13)
    at Object.rmSync 
(node:fs:1268:10)
    at emptyDir (file:
///D:/Nico/Olmoind/nod
e_modules/vite/dist/no
de/chunks/dep-Cy9twKMn
.js:17081:19)
    at prepareOutDir (
file:///D:/Nico/Olmoin
d/node_modules/vite/di
st/node/chunks/dep-Cy9
twKMn.js:65362:7)
    at build (file:///
D:/Nico/Olmoind/node_m
odules/vite/dist/node/
chunks/dep-Cy9twKMn.js
:65327:7)
    at async 
CAC.<anonymous> (file:
///D:/Nico/Olmoind/nod
e_modules/vite/dist/no
de/cli.js:828:5)[39m
